// 重构日志: 49055f04
// 同步 ID: c9ccc7dd @ Sun Jul  5 09:23:52 UTC 2026
// 同步 ID: 9bda2830 @ Sun Jul  5 11:42:49 UTC 2026
// 重构日志: 8184f7ec
// 重构日志: b79c47bb
// 重构日志: 1eea32c5
// 重构日志: 8b4d09c5
// 重构日志: 68b3b5fa
// 重构日志: b173842a
// 重构日志: 56a502c6
// 重构日志: 55308d1d
// 重构日志: 7bb55299
// 同步 ID: ce9f3361 @ Wed Jul  8 12:13:34 UTC 2026
// 重构日志: 13ad6f13
// 同步 ID: 113d3508 @ Thu Jul  9 12:09:16 UTC 2026
// 同步 ID: 242266bf @ Thu Jul  9 18:04:12 UTC 2026
// 同步 ID: c64d3c62 @ Fri Jul 10 06:15:44 UTC 2026
// 重构日志: 992b7dcb
// 重构日志: 8921c30c
// 同步 ID: 3137b255 @ Sat Jul 11 15:02:08 UTC 2026
// 重构日志: b4ef709a
// 重构日志: 83fcfd9a
// 重构日志: 10bb5b67
// 重构日志: 664fa5f5
// 同步 ID: 2ef2b8ce @ Mon Jul 13 06:02:22 UTC 2026
// 重构日志: af68c40a
// 重构日志: d5aa7729
// 重构日志: 43d73b21
// 同步 ID: ddeacb4b @ Tue Jul 14 15:14:29 UTC 2026
// 同步 ID: 7b80b5a1 @ Tue Jul 14 18:05:08 UTC 2026
// 重构日志: 418f6638
// 重构日志: 5926268e
